Success! Added cookie! key: 23; value: 4442; time:2022-12-06T19:30.
Success! key: 23; value: 4442.
